Microchip MPLAB XC8 Compiler V2.40

Linker command line:

-W-3 \
  --edf=C:\Program Files\Microchip\xc8\v2.40\pic\dat\20220703182018_en.msgs \
  -cn -h+dist/default/production\PIC_Drivers.production.sym \
  --cmf=dist/default/production\PIC_Drivers.production.cmf -z -Q18F4620 \
  -oC:\Users\Arafa\AppData\Local\Temp\xcAscs4.4 --defsym=__MPLAB_BUILD=1 \
  --fixupoverflow=error \
  -Mdist/default/production/PIC_Drivers.production.map \
  --md=C:\Users\Arafa\AppData\Local\Temp\xcAscs4.dat -E1 -ver=XC8 Compiler \
  --acfsm=1493 -ACODE=00h-0FFFFh -ACONST=00h-0FFFFh \
  -ASMALLCONST=01000h-010FFhx240 -AMEDIUMCONST=01000h-0FFFFh \
  -ACOMRAM=01h-07Fh -AABS1=00h-0F7Fh -ABIGRAM=01h-0F7Fh \
  -ARAM=080h-0FFh,0100h-01FFhx14,0F00h-0F7Fh -ABANK0=080h-0FFh \
  -ABANK1=0100h-01FFh -ABANK2=0200h-02FFh -ABANK3=0300h-03FFh \
  -ABANK4=0400h-04FFh -ABANK5=0500h-05FFh -ABANK6=0600h-06FFh \
  -ABANK7=0700h-07FFh -ABANK8=0800h-08FFh -ABANK9=0900h-09FFh \
  -ABANK10=0A00h-0AFFh -ABANK11=0B00h-0BFFh -ABANK12=0C00h-0CFFh \
  -ABANK13=0D00h-0DFFh -ABANK14=0E00h-0EFFh -ABANK15=0F00h-0F7Fh \
  -ASFR=0F80h-0FFFh -ABIGSFR=0F80h-0FFFh -ACONFIG=0300000h-030000Dh \
  -AIDLOC=0200000h-0200007h -AEEDATA=0F00000h-0F003FFh -peeprom_data=EEDATA \
  -preset_vec=00h,intcode,intcodelo,powerup,init -pramtop=01000h \
  -psmallconst=SMALLCONST -pmediumconst=MEDIUMCONST -pconst=CONST \
  -AFARRAM=00h-00h \
  -prdata=COMRAM,nvrram=COMRAM,nvbit=COMRAM,rbss=COMRAM,rbit=COMRAM \
  -pfarbss=FARRAM,fardata=FARRAM,nvFARRAM=FARRAM \
  -pintsave_regs=BIGRAM,bigbss=BIGRAM,bigdata=BIGRAM -pbss=RAM \
  -pidata=CODE,irdata=CODE,ibigdata=CODE,ifardata=CODE -prparam=COMRAM \
  C:\Users\Arafa\AppData\Local\Temp\xcAscs4.o \
  dist/default/production\PIC_Drivers.production.o 

Object code version is 3.11

Machine type is 18F4620



                Name                               Link     Load   Length Selector   Space Scale
C:\Users\Arafa\AppData\Local\Temp\xcAscs4.o
                idloc                            200000   200000        8        0       5
                config                           300000   300000        E        0       4
                init                                  0        0        4        0       0
dist/default/production\PIC_Drivers.production.o
                idloc                            200000   200000        8        0       5
                config                           300000   300000        E        0       4
                text10                             F728     F728       84     7B94       0
                text9                              F7AC     F7AC       84     7BD6       0
                text8                              F938     F938       90     7C9C       0
                text7                              FA5A     FA5A      11E     7D2D       0
                text6                              FDF0     FDF0      210     7EF8       0
                text5                              FCA8     FCA8      148     7E54       0
                text4                              F830     F830       84     7C18       0
                text3                              F8B4     F8B4       84     7C5A       0
                text2                              FB78     FB78      130     7DBC       0
                text1                              F6AC     F6AC       16     7B56       0
                text0                              F9C8     F9C8       92     7CE4       0
                cstackCOMRAM                         33       33       27        1       1
                dataCOMRAM                            1        1       32        1       1
                bssCOMRAM                            5A       5A        5        1       1
                cinit                              F6F4     F6F4       34     7B7A       0
                idataCOMRAM                        F6C2     F6C2       32     F6C2       0

TOTAL           Name                               Link     Load   Length     Space
        CLASS   CODE           
                init                                  0        0        4         0
                text10                             F728     F728       84         0
                text9                              F7AC     F7AC       84         0
                text8                              F938     F938       90         0
                text7                              FA5A     FA5A      11E         0
                text6                              FDF0     FDF0      210         0
                text5                              FCA8     FCA8      148         0
                text4                              F830     F830       84         0
                text3                              F8B4     F8B4       84         0
                text2                              FB78     FB78      130         0
                text1                              F6AC     F6AC       16         0
                text0                              F9C8     F9C8       92         0
                cinit                              F6F4     F6F4       34         0
                idataCOMRAM                        F6C2     F6C2       32         0

        CLASS   CONST          

        CLASS   SMALLCONST     

        CLASS   MEDIUMCONST    

        CLASS   COMRAM         
                cstackCOMRAM                         33       33       27         1
                dataCOMRAM                            1        1       32         1
                bssCOMRAM                            5A       5A        5         1

        CLASS   ABS1           

        CLASS   BIGRAM         

        CLASS   RAM            

        CLASS   BANK0          

        CLASS   BANK1          

        CLASS   BANK2          

        CLASS   BANK3          

        CLASS   BANK4          

        CLASS   BANK5          

        CLASS   BANK6          

        CLASS   BANK7          

        CLASS   BANK8          

        CLASS   BANK9          

        CLASS   BANK10         

        CLASS   BANK11         

        CLASS   BANK12         

        CLASS   BANK13         

        CLASS   BANK14         

        CLASS   BANK15         

        CLASS   SFR            

        CLASS   BIGSFR         

        CLASS   CONFIG         
                config                           300000   300000        E         4

        CLASS   IDLOC          
                idloc                            200000   200000        8         5

        CLASS   EEDATA         

        CLASS   FARRAM         

        CLASS   HEAP           

        CLASS   STACK          



SEGMENTS        Name                           Load    Length   Top    Selector   Space  Class

                reset_vec                      000000  000004  000004         0       0  CODE    
                dataCOMRAM                     000001  00005E  00005F         1       1  COMRAM  
                text1                          00F6AC  000016  00F6C2      7B56       0  CODE    
                idataCOMRAM                    00F6C2  000032  00F6F4      F6C2       0  CODE    
                cinit                          00F6F4  000034  00F728      7B7A       0  CODE    
                text10                         00F728  000084  00F7AC      7B94       0  CODE    
                text9                          00F7AC  000084  00F830      7BD6       0  CODE    
                text4                          00F830  000084  00F8B4      7C18       0  CODE    
                text3                          00F8B4  000084  00F938      7C5A       0  CODE    
                text8                          00F938  000090  00F9C8      7C9C       0  CODE    
                text0                          00F9C8  000092  00FA5A      7CE4       0  CODE    
                text7                          00FA5A  00011E  00FB78      7D2D       0  CODE    
                text2                          00FB78  000130  00FCA8      7DBC       0  CODE    
                text5                          00FCA8  000148  00FDF0      7E54       0  CODE    
                text6                          00FDF0  000210  010000      7EF8       0  CODE    


UNUSED ADDRESS RANGES

        Name                Unused          Largest block    Delta
        BANK0            000080-0000FF               80
        BANK1            000100-0001FF              100
        BANK10           000A00-000AFF              100
        BANK11           000B00-000BFF              100
        BANK12           000C00-000CFF              100
        BANK13           000D00-000DFF              100
        BANK14           000E00-000EFF              100
        BANK15           000F00-000F7F               80
        BANK2            000200-0002FF              100
        BANK3            000300-0003FF              100
        BANK4            000400-0004FF              100
        BANK5            000500-0005FF              100
        BANK6            000600-0006FF              100
        BANK7            000700-0007FF              100
        BANK8            000800-0008FF              100
        BANK9            000900-0009FF              100
        BIGRAM           00005F-000F7F              F21
        BIGSFR           000F80-000FFF               80
        CODE             000004-00F6AB             F6A8
        COMRAM           00005F-00007F               21
        CONST            000004-00F6AB             F6A8
        EEDATA           F00000-F003FF              400
        MEDIUMCONST      001000-00F6AB             E6AC
        RAM              000080-000F7F              100
        SFR              000F80-000FFF               80
        SMALLCONST       001000-00F6AB              100

                                  Symbol Table

SVS_initialize@Seven_SEG                              cstackCOMRAM 00003D
SVS_initialize@svs_counter                            cstackCOMRAM 000044
SVS_initialize@temp                                   cstackCOMRAM 000046
SVS_print@Seven_SEG                                   cstackCOMRAM 00003D
SVS_print@data                                        cstackCOMRAM 00003F
SVS_print@temp                                        cstackCOMRAM 000041
SVS_print_pov@Seven_SEG                               cstackCOMRAM 000042
SVS_print_pov@data                                    cstackCOMRAM 000044
SVS_print_pov@l                                       cstackCOMRAM 00004B
SVS_print_pov@svs_counter                             cstackCOMRAM 000051
SVS_print_pov@svs_counter_2                           cstackCOMRAM 00004F
SVS_print_pov@temp                                    cstackCOMRAM 000050
_ADCON0                                               (abs)        000FC2
_ADCON1                                               (abs)        000FC1
_LATA                                                 (abs)        000F89
_LATB                                                 (abs)        000F8A
_LATC                                                 (abs)        000F8B
_LATD                                                 (abs)        000F8C
_LATE                                                 (abs)        000F8D
_PORTA                                                (abs)        000F80
_PORTB                                                (abs)        000F81
_PORTC                                                (abs)        000F82
_PORTD                                                (abs)        000F83
_PORTE                                                (abs)        000F84
_SVS_initialize                                       text2        00FB78
_SVS_print                                            text8        00F938
_SVS_print_pov                                        text6        00FDF0
_TRISA                                                (abs)        000F92
_TRISB                                                (abs)        000F93
_TRISC                                                (abs)        000F94
_TRISD                                                (abs)        000F95
_TRISE                                                (abs)        000F96
__HRAM                                                (abs)        000000
__Habs1                                               abs1         000000
__Hbank0                                              bank0        000000
__Hbank1                                              bank1        000000
__Hbank10                                             bank10       000000
__Hbank11                                             bank11       000000
__Hbank12                                             bank12       000000
__Hbank13                                             bank13       000000
__Hbank14                                             bank14       000000
__Hbank15                                             bank15       000000
__Hbank2                                              bank2        000000
__Hbank3                                              bank3        000000
__Hbank4                                              bank4        000000
__Hbank5                                              bank5        000000
__Hbank6                                              bank6        000000
__Hbank7                                              bank7        000000
__Hbank8                                              bank8        000000
__Hbank9                                              bank9        000000
__Hbigbss                                             bigbss       000000
__Hbigdata                                            bigdata      000000
__Hbigram                                             bigram       000000
__Hbigsfr                                             bigsfr       000000
__Hbss                                                bss          000000
__HbssCOMRAM                                          bssCOMRAM    000000
__Hcinit                                              cinit        000000
__Hclrtext                                            clrtext      000000
__Hcomram                                             comram       000000
__Hconfig                                             config       30000E
__Hconst                                              const        000000
__HcstackCOMRAM                                       cstackCOMRAM 000000
__Hdata                                               data         000000
__HdataCOMRAM                                         dataCOMRAM   000000
__Heeprom_data                                        eeprom_data  000000
__Hfarbss                                             farbss       000000
__Hfardata                                            fardata      000000
__Hheap                                               heap         000000
__Hibigdata                                           ibigdata     000000
__Hidata                                              idata        000000
__HidataCOMRAM                                        idataCOMRAM  000000
__Hidloc                                              idloc        200008
__Hifardata                                           ifardata     000000
__Hinit                                               init         000004
__Hintcode                                            intcode      000000
__Hintcode_body                                       intcode_body 000000
__Hintcodelo                                          intcodelo    000000
__Hintentry                                           intentry     000000
__Hintret                                             intret       000000
__Hintsave_regs                                       intsave_regs 000000
__Hirdata                                             irdata       000000
__Hmediumconst                                        mediumconst  000000
__HnvFARRAM                                           nvFARRAM     000000
__Hnvbit                                              nvbit        000000
__Hnvrram                                             nvrram       000000
__Hparam                                              rparam       000000
__Hpowerup                                            powerup      000000
__Hram                                                ram          000000
__Hramtop                                             ramtop       001000
__Hrbit                                               rbit         000000
__Hrbss                                               rbss         000000
__Hrdata                                              rdata        000000
__Hreset_vec                                          reset_vec    000000
__Hrparam                                             rparam       000000
__Hsfr                                                sfr          000000
__Hsmallconst                                         smallconst   000000
__Hspace_0                                            (abs)        010000
__Hspace_1                                            (abs)        00005F
__Hspace_2                                            (abs)        000000
__Hspace_4                                            (abs)        60000E
__Hstack                                              stack        000000
__Hstruct                                             struct       000000
__Htemp                                               temp         000000
__Htext                                               text         000000
__Htext0                                              text0        000000
__Htext1                                              text1        000000
__Htext10                                             text10       000000
__Htext2                                              text2        000000
__Htext3                                              text3        000000
__Htext4                                              text4        000000
__Htext5                                              text5        000000
__Htext6                                              text6        000000
__Htext7                                              text7        000000
__Htext8                                              text8        000000
__Htext9                                              text9        000000
__LRAM                                                (abs)        000001
__Labs1                                               abs1         000000
__Lbank0                                              bank0        000000
__Lbank1                                              bank1        000000
__Lbank10                                             bank10       000000
__Lbank11                                             bank11       000000
__Lbank12                                             bank12       000000
__Lbank13                                             bank13       000000
__Lbank14                                             bank14       000000
__Lbank15                                             bank15       000000
__Lbank2                                              bank2        000000
__Lbank3                                              bank3        000000
__Lbank4                                              bank4        000000
__Lbank5                                              bank5        000000
__Lbank6                                              bank6        000000
__Lbank7                                              bank7        000000
__Lbank8                                              bank8        000000
__Lbank9                                              bank9        000000
__Lbigbss                                             bigbss       000000
__Lbigdata                                            bigdata      000000
__Lbigram                                             bigram       000000
__Lbigsfr                                             bigsfr       000000
__Lbss                                                bss          000000
__LbssCOMRAM                                          bssCOMRAM    000000
__Lcinit                                              cinit        000000
__Lclrtext                                            clrtext      000000
__Lcomram                                             comram       000000
__Lconfig                                             config       000000
__Lconst                                              const        000000
__LcstackCOMRAM                                       cstackCOMRAM 000000
__Ldata                                               data         000000
__LdataCOMRAM                                         dataCOMRAM   000000
__Leeprom_data                                        eeprom_data  000000
__Lfarbss                                             farbss       000000
__Lfardata                                            fardata      000000
__Lheap                                               heap         000000
__Libigdata                                           ibigdata     000000
__Lidata                                              idata        000000
__LidataCOMRAM                                        idataCOMRAM  000000
__Lidloc                                              idloc        000000
__Lifardata                                           ifardata     000000
__Linit                                               init         000000
__Lintcode                                            intcode      000000
__Lintcode_body                                       intcode_body 000000
__Lintcodelo                                          intcodelo    000000
__Lintentry                                           intentry     000000
__Lintret                                             intret       000000
__Lintsave_regs                                       intsave_regs 000000
__Lirdata                                             irdata       000000
__Lmediumconst                                        mediumconst  000000
__LnvFARRAM                                           nvFARRAM     000000
__Lnvbit                                              nvbit        000000
__Lnvrram                                             nvrram       000000
__Lparam                                              rparam       000000
__Lpowerup                                            powerup      000000
__Lram                                                ram          000000
__Lramtop                                             ramtop       001000
__Lrbit                                               rbit         000000
__Lrbss                                               rbss         000000
__Lrdata                                              rdata        000000
__Lreset_vec                                          reset_vec    000000
__Lrparam                                             rparam       000000
__Lsfr                                                sfr          000000
__Lsmallconst                                         smallconst   000000
__Lspace_0                                            (abs)        000000
__Lspace_1                                            (abs)        000000
__Lspace_2                                            (abs)        000000
__Lspace_4                                            (abs)        000000
__Lstack                                              stack        000000
__Lstruct                                             struct       000000
__Ltemp                                               temp         000000
__Ltext                                               text         000000
__Ltext0                                              text0        000000
__Ltext1                                              text1        000000
__Ltext10                                             text10       000000
__Ltext2                                              text2        000000
__Ltext3                                              text3        000000
__Ltext4                                              text4        000000
__Ltext5                                              text5        000000
__Ltext6                                              text6        000000
__Ltext7                                              text7        000000
__Ltext8                                              text8        000000
__Ltext9                                              text9        000000
__S0                                                  (abs)        010000
__S1                                                  (abs)        00005F
__S4                                                  (abs)        000000
__S5                                                  (abs)        000000
___heap_hi                                            (abs)        000000
___heap_lo                                            (abs)        000000
___inthi_sp                                           stack        000000
___intlo_sp                                           stack        000000
___param_bank                                         (abs)        000000
___rparam_used                                        (abs)        000001
___sp                                                 stack        000000
__accesstop                                           (abs)        000080
__activetblptr                                        (abs)        000002
__end_of_SVS_initialize                               text2        00FCA8
__end_of_SVS_print                                    text8        00F9C8
__end_of_SVS_print_pov                                text6        010000
__end_of__initialization                              cinit        00F71E
__end_of_appliction_intialize                         text1        00F6C2
__end_of_gpio_pin_direction_initialize                text5        00FDF0
__end_of_gpio_pin_write_logic                         text7        00FB78
__end_of_gpio_port_high_nibble_direction_initialize   text4        00F8B4
__end_of_gpio_port_high_nibble_write_logic            text10       00F7AC
__end_of_gpio_port_low_nibble_direction_initialize    text3        00F938
__end_of_gpio_port_low_nibble_write_logic             text9        00F830
__end_of_main                                         text0        00FA5A
__initialization                                      cinit        00F6F4
__mediumconst                                         mediumconst  000000
__pbssCOMRAM                                          bssCOMRAM    00005A
__pcinit                                              cinit        00F6F4
__pcstackCOMRAM                                       cstackCOMRAM 000033
__pdataCOMRAM                                         dataCOMRAM   000001
__pidataCOMRAM                                        idataCOMRAM  00F6C2
__ptext0                                              text0        00F9C8
__ptext1                                              text1        00F6AC
__ptext10                                             text10       00F728
__ptext2                                              text2        00FB78
__ptext3                                              text3        00F8B4
__ptext4                                              text4        00F830
__ptext5                                              text5        00FCA8
__ptext6                                              text6        00FDF0
__ptext7                                              text7        00FA5A
__ptext8                                              text8        00F938
__ptext9                                              text9        00F7AC
__ramtop                                              ramtop       001000
__smallconst                                          smallconst   000000
_appliction_intialize                                 text1        00F6AC
_gpio_pin_direction_initialize                        text5        00FCA8
_gpio_pin_write_logic                                 text7        00FA5A
_gpio_port_high_nibble_direction_initialize           text4        00F830
_gpio_port_high_nibble_write_logic                    text10       00F728
_gpio_port_low_nibble_direction_initialize            text3        00F8B4
_gpio_port_low_nibble_write_logic                     text9        00F7AC
_lat_registers                                        dataCOMRAM   000001
_main                                                 text0        00F9C8
_port_registers                                       dataCOMRAM   00000B
_ret                                                  bssCOMRAM    00005A
_seven_seg                                            dataCOMRAM   000025
_tris_registers                                       dataCOMRAM   000015
end_of_initialization                                 cinit        00F71E
gpio_pin_direction_initialize@pin_config              cstackCOMRAM 000033
gpio_pin_direction_initialize@ret                     cstackCOMRAM 00003B
gpio_pin_write_logic@logic                            cstackCOMRAM 000035
gpio_pin_write_logic@pin_config                       cstackCOMRAM 000033
gpio_pin_write_logic@ret                              cstackCOMRAM 00003C
gpio_port_high_nibble_direction_initialize@data       cstackCOMRAM 000035
gpio_port_high_nibble_direction_initialize@pin_config cstackCOMRAM 000033
gpio_port_high_nibble_write_logic@data                cstackCOMRAM 000035
gpio_port_high_nibble_write_logic@pin_config          cstackCOMRAM 000033
gpio_port_low_nibble_direction_initialize@data        cstackCOMRAM 000035
gpio_port_low_nibble_direction_initialize@pin_config  cstackCOMRAM 000033
gpio_port_low_nibble_write_logic@data                 cstackCOMRAM 000035
gpio_port_low_nibble_write_logic@pin_config           cstackCOMRAM 000033
intlevel0                                             text         000000
intlevel1                                             text         000000
intlevel2                                             text         000000
intlevel3                                             text         000000
isa$std                                               (abs)        000001
isa$xinst                                             (abs)        000000
led_intialize@F2890                                   bssCOMRAM    00005E
led_toggle@F2905                                      bssCOMRAM    00005B
led_turn_off@F2900                                    bssCOMRAM    00005C
led_turn_on@F2895                                     bssCOMRAM    00005D
main@F2986                                            dataCOMRAM   00001F
main@counter                                          cstackCOMRAM 000059
main@data                                             cstackCOMRAM 000053
stackhi                                               (abs)        000000
stacklo                                               (abs)        000000
start                                                 init         000000
start_initialization                                  cinit        00F6F4


MODULE INFORMATION

Module		Function		Class		Link	Load	Size
MCAL_layer/GPIO/GPIO.c
		_gpio_port_low_nibble_direction_initialize		CODE           	F8B4	0000	132
		_gpio_port_low_nibble_write_logic		CODE           	F7AC	0000	132
		_gpio_pin_write_logic		CODE           	FA5A	0000	286
		_gpio_port_high_nibble_direction_initialize		CODE           	F830	0000	132
		_gpio_pin_direction_initialize		CODE           	FCA8	0000	328
		_gpio_port_high_nibble_write_logic		CODE           	F728	0000	132

MCAL_layer/GPIO/GPIO.c estimated size: 1142

shared
		__initialization		CODE           	F6F4	0000	42

shared estimated size: 42

main.c
		_main          		CODE           	F9C8	0000	146
		_appliction_intialize		CODE           	F6AC	0000	22

main.c estimated size: 168

ECU_layer/7_SEGMENTS/7_SEGMENTS.c
		_SVS_print     		CODE           	F938	0000	144
		_SVS_print_pov 		CODE           	FDF0	0000	528
		_SVS_initialize		CODE           	FB78	0000	304

ECU_layer/7_SEGMENTS/7_SEGMENTS.c estimated size: 976

